VALUE=10^369693099.6315704